=== STATIC gate: Phase-0 invariants wired ===
PASS: unit suite test_cloud_gate green
PASS: unit suite test_no_silent_escalation green
PASS: unit suite test_hardening green
PASS: unit suite test_escalation_classify green
PASS: unit suite test_devin_tls_diagnostics green
PASS: unit suite test_devin_printmode_hang green
PASS: unit suite test_lane_fallback green
PASS: unit suite test_interactive_default green
PASS: unit suite test_session_capabilities green
PASS: unit suite test_harness_isolation green
PASS: unit suite test_autodetach green
PASS: unit suite test_advise green
PASS: unit suite test_claudex green
PASS: unit suite test_copilot green
PASS: unit suite test_loops green
PASS: unit suite test_job_lifecycle green
PASS: unit suite test_output_truncation green
PASS: unit suite test_lane_accounting green
PASS: unit suite test_selfcontained_hardening green
PASS: unit suite test_trusted_lanes green
PASS: unit suite test_parity_links green
PASS: unit suite test_parity_hermes green
PASS: unit suite test_watch_digest green
PASS: unit suite test_cc_devin_selfheal green
PASS: unit suite test_cloud_gate_coverage green
PASS: unit suite test_cost_disclosure green
PASS: unit suite test_parser_parity green
PASS: unit suite test_resolved_lane green
PASS: unit suite test_limits_freshness green
PASS: unit suite test_gemini_lane green
PASS: unit suite test_watcher green
PASS: unit suite test_marker_forgery green
PASS: unit suite test_loop_resume green
PASS: unit suite test_lane_liveness green
PASS: unit suite test_with_injection green
PASS: unit suite test_no_phantom_jobs green
PASS: unit suite test_model_drift green
PASS: unit suite test_model_pin_enforcement green
PASS: unit suite test_perm_denial_precision green
PASS: unit suite test_devin_liveness green
PASS: unit suite test_windows_portability green
